// Vitest Snapshot v1, https://vitest.dev/guide/snapshot.html

exports[`Monster component > should render the component 1`] = `
<div>
  <div
    class="grid grid-flow-row gap-5 bg-orange-100 text-red-950"
  >
    <section
      id="base-info"
    >
      <h2
        class="text-2xl font-extrabold"
      >
        Ancient Black Dragon
      </h2>
      <p
        class="italic"
      >
        Gargantuan
         
        dragon
        , 
        chaotic evil
         
      </p>
      <hr />
      <p>
        <span
          class="font-semibold"
        >
           Armor Class
        </span>
         
        22
        <span>
           (
          natural armor
          )
        </span>
      </p>
      <p>
        <span
          class="font-semibold"
        >
          Hit Points
        </span>
         
        367
        <span>
           (
          21d20+147
          )
        </span>
      </p>
      <p>
        <span
          class="font-semibold"
        >
          Speed
        </span>
        <span>
           
          walk
           
          40
          ft
        </span>
        <span>
           
          fly
           
          80
          ft
        </span>
        <span>
           
          swim
           
          40
          ft
        </span>
      </p>
    </section>
    <section
      id="stats"
    >
      <hr />
      <div
        class="flex justify-evenly"
      >
        <div>
          <h4
            class="font-bold"
          >
            STR
          </h4>
          <p>
            27
          </p>
        </div>
        <div>
          <h4
            class="font-bold"
          >
            DEX
          </h4>
          <p>
            14
          </p>
        </div>
        <div>
          <h4
            class="font-bold"
          >
            CON
          </h4>
          <p>
            25
          </p>
        </div>
        <div>
          <h4
            class="font-bold"
          >
            INT
          </h4>
          <p>
            16
          </p>
        </div>
        <div>
          <h4
            class="font-bold"
          >
            WIS
          </h4>
          <p>
            15
          </p>
        </div>
        <div>
          <h4
            class="font-bold"
          >
            CHA
          </h4>
          <p>
            19
          </p>
        </div>
      </div>
    </section>
    <section
      id="attributes"
    >
      <hr />
      <p>
        <span
          class="font-semibold"
        >
          Saving Throws
        </span>
        <span>
           DEX +
          9
        </span>
        <span>
           CON +
          14
        </span>
        <span>
           WIS +
          9
        </span>
        <span>
           CHA +
          11
        </span>
      </p>
      <p>
        <span
          class="font-semibold"
        >
          Skills 
        </span>
        <span>
          Perception
           +
          16
           
        </span>
        <span>
          Stealth
           +
          9
           
        </span>
      </p>
      <p>
        <span
          class="font-semibold"
        >
          Damage Immunities
        </span>
         
        Acid
      </p>
      <p>
        <span
          class="font-semibold"
        >
          Senses
        </span>
         
        blindsight 60 ft., darkvision 120 ft., passive Perception 26
      </p>
      <p>
        <span
          class="font-semibold"
        >
          Languages 
        </span>
         
        Common, Draconic
      </p>
      <p>
        <span
          class="font-semibold"
        >
          Challenge
        </span>
         
        21
      </p>
    </section>
    <section
      id="special"
    >
      <hr />
      <h3
        class="font-bold"
      >
        Special Abilities
      </h3>
      <div
        class="text-neutral-900"
      >
        <div>
          <h4
            class="font-bold"
          >
            Amphibious
          </h4>
          <p>
            The dragon can breathe air and water.
          </p>
        </div>
        <div>
          <h4
            class="font-bold"
          >
            Legendary Resistance (3/Day)
          </h4>
          <p>
            If the dragon fails a saving throw, it can choose to succeed instead.
          </p>
        </div>
      </div>
    </section>
    <section
      id="actions"
    >
      <hr />
      <h3
        class="font-bold"
      >
        Actions
      </h3>
      <div
        class="text-neutral-900"
      >
        <div>
          <h4
            class="font-bold"
          >
            Multiattack
          </h4>
          <p>
            The dragon can use its Frightful Presence. It then makes three attacks: one with its bite and two with its claws.
          </p>
        </div>
        <div>
          <h4
            class="font-bold"
          >
            Bite
          </h4>
          <p>
            Melee Weapon Attack: +15 to hit, reach 15 ft., one target. Hit: 19 (2d10 + 8) piercing damage plus 9 (2d8) acid damage.
          </p>
        </div>
        <div>
          <h4
            class="font-bold"
          >
            Claw
          </h4>
          <p>
            Melee Weapon Attack: +15 to hit, reach 10 ft., one target. Hit: 15 (2d6 + 8) slashing damage.
          </p>
        </div>
        <div>
          <h4
            class="font-bold"
          >
            Tail
          </h4>
          <p>
            Melee Weapon Attack: +15 to hit, reach 20 ft., one target. Hit: 17 (2d8 + 8) bludgeoning damage.
          </p>
        </div>
        <div>
          <h4
            class="font-bold"
          >
            Frightful Presence
          </h4>
          <p>
            Each creature of the dragon's choice that is within 120 feet of the dragon and aware of it must succeed on a DC 19 Wisdom saving throw or become frightened for 1 minute. A creature can repeat the saving throw at the end of each of its turns, ending the effect on itself on a success. If a creature's saving throw is successful or the effect ends for it, the creature is immune to the dragon's Frightful Presence for the next 24 hours.
          </p>
        </div>
        <div>
          <h4
            class="font-bold"
          >
            Acid Breath (Recharge 5-6)
          </h4>
          <p>
            The dragon exhales acid in a 90-foot line that is 10 feet wide. Each creature in that line must make a DC 22 Dexterity saving throw, taking 67 (15d8) acid damage on a failed save, or half as much damage on a successful one.
          </p>
        </div>
      </div>
    </section>
    <section
      id="legendary"
    >
      <hr />
      <h3
        class="font-bold"
      >
        Legendary Actions
      </h3>
      <div
        class="text-neutral-900"
      >
        <div>
          <h4
            class="font-bold"
          >
            Detect
          </h4>
          <p>
            The dragon makes a Wisdom (Perception) check.
          </p>
        </div>
        <div>
          <h4
            class="font-bold"
          >
            Tail Attack
          </h4>
          <p>
            The dragon makes a tail attack.
          </p>
        </div>
        <div>
          <h4
            class="font-bold"
          >
            Wing Attack (Costs 2 Actions)
          </h4>
          <p>
            The dragon beats its wings. Each creature within 15 ft. of the dragon must succeed on a DC 23 Dexterity saving throw or take 15 (2d6 + 8) bludgeoning damage and be knocked prone. The dragon can then fly up to half its flying speed.
          </p>
        </div>
      </div>
    </section>
  </div>
</div>
`;
