// Vitest Snapshot v1, https://vitest.dev/guide/snapshot.html

exports[`Hero component > renders the component 1`] = `
<div>
  <section
    class="relative h-screen bg-dragon bg-cover bg-top bg-no-repeat"
    data-testid="hero-main"
  >
    <div
      class="flex h-screen flex-col bg-neutral-900/50"
    >
      <header
        class="fixed top-0 z-[999] flex w-screen flex-none flex-col py-5 text-center font-['MedievalSharp'] transition-colors duration-500"
      >
        <h1
          class="text-4xl md:text-8xl"
        >
          DDEG
        </h1>
        <h2
          class="text-lg md:text-2xl"
        >
          Dungeons & Dragons Encounter Generator
        </h2>
      </header>
      <div
        class="flex flex-1 flex-col justify-evenly text-center"
      >
        <div
          class="relative flex-col bg-orange-100 bg-[size:150%] text-red-950"
        >
          <span
            class="absolute bottom-full left-0 h-5 w-full rotate-180 bg-paper bg-bottom"
          />
          <h2
            class="font-['Alegreya_Sans_SC'] text-2xl lg:text-5xl"
          >
            Take the stress out of being a DM
          </h2>
          <p
            class=" font-['Alegreya_Sans'] text-xl lg:text-3xl"
          >
            Generate an encounter customised to YOUR party
          </p>
          <span
            class=" absolute left-0 top-full h-5 w-full bg-paper bg-bottom"
          />
        </div>
        <span>
          Build Your Encounter
        </span>
      </div>
    </div>
  </section>
</div>
`;
