// Vitest Snapshot v1, https://vitest.dev/guide/snapshot.html

exports[`Table > should render the component 1`] = `
<div>
  <table
    class="table w-full border-separate text-left"
  >
    <thead>
      <tr>
        <th
          class="table-cell"
        >
          Name
        </th>
        <th
          class="table-cell"
        >
          Challenge Rating
        </th>
        <th
          class="hidden md:table-cell"
        >
          Type
        </th>
        <th
          class="hidden md:table-cell"
        >
          Size
        </th>
        <th
          class="hidden md:table-cell"
        >
          Alignment
        </th>
        <th
          class="table-cell"
        />
      </tr>
    </thead>
    <tbody>
      <tr>
        <td>
          Row
        </td>
      </tr>
    </tbody>
  </table>
</div>
`;
