// Vitest Snapshot v1, https://vitest.dev/guide/snapshot.html

exports[`Party component > renders the party composition form 1`] = `
<div>
  <form>
    <label
      aria-labelledby="numCharacters"
      for="numCharacters"
    >
      Number of characters
      <input
        id="numCharacters"
        name="numCharacters"
        type="number"
      />
    </label>
    <label
      aria-labelledby="level"
      for="level"
    >
      Level
      <input
        id="level"
        name="level"
        type="number"
      />
    </label>
    <label
      aria-labelledby="difficulty"
      for="difficulty"
    >
      Difficulty
      <select
        id="difficulty"
        name="difficulty"
      >
        <option>
          Select a difficulty
        </option>
        <option
          value="Easy"
        >
          Easy
        </option>
        <option
          value="Medium"
        >
          Medium
        </option>
        <option
          value="Hard"
        >
          Hard
        </option>
        <option
          value="Deadly"
        >
          Deadly
        </option>
      </select>
    </label>
    <input
      name="partySubmit"
      type="submit"
    />
  </form>
</div>
`;
