// Vitest Snapshot v1, https://vitest.dev/guide/snapshot.html

exports[`Party component > renders the party composition form 1`] = `
<div>
  <form
    class="flex flex-col flex-wrap bg-stone-400 text-red-950 sm:flex-row "
  >
    <div
      class="flex flex-1 flex-col"
    >
      <label
        aria-labelledby="numCharacters"
        class="flex flex-1 flex-col"
        for="numCharacters"
      >
        Number of characters
        <input
          class="border-2 border-solid border-neutral-900 bg-orange-100 outline-none"
          id="numCharacters"
          name="numCharacters"
          type="number"
        />
      </label>
    </div>
    <div
      class="flex flex-1 flex-col"
    >
      <label
        aria-labelledby="level"
        class="flex flex-1 flex-col"
        for="level"
      >
        Level
        <input
          class="border-2 border-solid border-neutral-900 bg-orange-100 outline-none"
          id="level"
          name="level"
          type="number"
        />
      </label>
    </div>
    <div
      class="flex flex-1 flex-col"
    >
      <label
        aria-labelledby="difficulty"
        class="flex flex-1 flex-col"
        for="difficulty"
      >
        Difficulty
        <select
          class="border-2 border-solid border-neutral-900 bg-orange-100 outline-none"
          id="difficulty"
          name="difficulty"
        >
          <option>
            Select a difficulty
          </option>
          <option
            value="Easy"
          >
            Easy
          </option>
          <option
            value="Medium"
          >
            Medium
          </option>
          <option
            value="Hard"
          >
            Hard
          </option>
          <option
            value="Deadly"
          >
            Deadly
          </option>
        </select>
      </label>
    </div>
    <div
      class="flex flex-1 flex-col justify-center"
    >
      <input
        class="rounded-lg border-2 border-solid border-orange-100 bg-red-950 p-2 text-orange-100 hover:bg-red-900 hover:text-orange-200 focus:outline-none focus:ring-2 focus:ring-red-900/50"
        name="partySubmit"
        type="submit"
      />
    </div>
  </form>
</div>
`;
