// Jest Snapshot v1, https://goo.gl/fbAQLP

exports[`Party component renders the party composition form 1`] = `
<div>
  <div>
    <form>
      <label
        for="char-num"
      >
        Characters (Max 10)
      </label>
      <input
        id="char-num"
        max="10"
        min="1"
        type="number"
      />
      <label
        for="level"
      >
        Level (1-20)
      </label>
      <input
        id="level"
        max="20"
        min="1"
        type="number"
      />
      <button
        name="partySubmit"
        type="submit"
      >
        Submit
      </button>
    </form>
  </div>
</div>
`;
